
> ai-organiser@1.0.15 test
> vitest run


[1m[46m RUN [49m[22m [36mv4.0.18 [39m[90mC:/GIT/ai-organiser[39m

 [32mΓ£ô[39m tests/components/truncationControls.test.ts [2m([22m[2m8 tests[22m[2m)[22m[32m 4[2mms[22m[39m
 [32mΓ£ô[39m tests/responseParser.test.ts [2m([22m[2m40 tests[22m[2m)[22m[32m 7[2mms[22m[39m
 [31mΓ¥»[39m tests/minutesPrompts.test.ts [2m([22m[2m55 tests[22m[2m | [22m[31m3 failed[39m[2m)[22m[32m 19[2mms[22m[39m
       [32mΓ£ô[39m should include specified output language[32m 1[2mms[22m[39m
       [32mΓ£ô[39m should handle Chinese language[32m 0[2mms[22m[39m
       [32mΓ£ô[39m should handle German language[32m 0[2mms[22m[39m
       [32mΓ£ô[39m should include persona instructions[32m 0[2mms[22m[39m
       [32mΓ£ô[39m should handle empty persona instructions[32m 0[2mms[22m[39m
       [32mΓ£ô[39m should handle multiline persona instructions[32m 0[2mms[22m[39m
       [32mΓ£ô[39m should include response format section[32m 0[2mms[22m[39m
       [32mΓ£ô[39m should include JSON delimiter[32m 0[2mms[22m[39m
       [32mΓ£ô[39m should include accuracy rules[32m 0[2mms[22m[39m
       [32mΓ£ô[39m should include meeting context behavior[32m 0[2mms[22m[39m
       [32mΓ£ô[39m should include output schema[32m 0[2mms[22m[39m
       [32mΓ£ô[39m should include self-check section[32m 0[2mms[22m[39m
       [32mΓ£ô[39m should include dictionary instructions[32m 0[2mms[22m[39m
       [32mΓ£ô[39m should include context documents instructions[32m 0[2mms[22m[39m
       [32mΓ£ô[39m should return valid JSON string[32m 0[2mms[22m[39m
       [32mΓ£ô[39m should include meeting object[32m 0[2mms[22m[39m
       [32mΓ£ô[39m should include participants array[32m 0[2mms[22m[39m
       [32mΓ£ô[39m should include raw participants string[32m 0[2mms[22m[39m
       [32mΓ£ô[39m should include transcript[32m 0[2mms[22m[39m
       [32mΓ£ô[39m should include all metadata fields[32m 1[2mms[22m[39m
       [32mΓ£ô[39m should handle external meeting context[32m 0[2mms[22m[39m
       [32mΓ£ô[39m should handle board meeting context[32m 0[2mms[22m[39m
       [32mΓ£ô[39m should include dictionary when provided[32m 0[2mms[22m[39m
       [32mΓ£ô[39m should exclude dictionary when empty[32m 0[2mms[22m[39m
       [32mΓ£ô[39m should include context documents when provided[32m 0[2mms[22m[39m
       [32mΓ£ô[39m should exclude context documents when empty[32m 0[2mms[22m[39m
       [32mΓ£ô[39m should include both dictionary and context when provided[32m 0[2mms[22m[39m
       [32mΓ£ô[39m should handle transcript as segment array[32m 0[2mms[22m[39m
       [32mΓ£ô[39m should handle transcript as plain string[32m 0[2mms[22m[39m
       [32mΓ£ô[39m should parse response with delimiter[32m 0[2mms[22m[39m
       [32mΓ£ô[39m should handle delimiter with extra whitespace[32m 0[2mms[22m[39m
       [32mΓ£ô[39m should extract JSON without delimiter[32m 0[2mms[22m[39m
       [32mΓ£ô[39m should handle nested JSON objects[32m 0[2mms[22m[39m
       [32mΓ£ô[39m should strip json code fence from response[32m 0[2mms[22m[39m
       [32mΓ£ô[39m should parse internal and external markdown sections[32m 0[2mms[22m[39m
       [32mΓ£ô[39m should return null for external when not present[32m 0[2mms[22m[39m
       [32mΓ£ô[39m should fix trailing commas[32m 0[2mms[22m[39m
       [32mΓ£ô[39m should fix unquoted keys[32m 0[2mms[22m[39m
       [32mΓ£ô[39m should throw for response with no JSON[32m 0[2mms[22m[39m
       [32mΓ£ô[39m should throw for unbalanced braces[32m 0[2mms[22m[39m
     [32mΓ£ô[39m should be a unique delimiter string[32m 0[2mms[22m[39m
     [32mΓ£ô[39m should not appear in normal text[32m 0[2mms[22m[39m
[31m       [31m├ù[31m should include required task section[39m[32m 6[2mms[22m[39m
       [32mΓ£ô[39m should include JSON output format specification[32m 0[2mms[22m[39m
       [32mΓ£ô[39m should include accuracy rules for extraction[32m 0[2mms[22m[39m
       [32mΓ£ô[39m should be a valid string with reasonable length[32m 0[2mms[22m[39m
[31m       [31m├ù[31m should include structure for handling incomplete information[39m[32m 3[2mms[22m[39m
[31m       [31m├ù[31m should include required task section[39m[32m 2[2mms[22m[39m
       [32mΓ£ô[39m should include output language in consolidation rules[32m 0[2mms[22m[39m
       [32mΓ£ô[39m should include persona instructions in output[32m 0[2mms[22m[39m
       [32mΓ£ô[39m should include deduplication guidance for combining chunks[32m 0[2mms[22m[39m
       [32mΓ£ô[39m should specify expected JSON structure for output[32m 0[2mms[22m[39m
       [32mΓ£ô[39m should handle empty persona gracefully[32m 0[2mms[22m[39m
       [32mΓ£ô[39m should handle multiline persona instructions[32m 0[2mms[22m[39m
       [32mΓ£ô[39m should be a valid string with reasonable length[32m 0[2mms[22m[39m
 [32mΓ£ô[39m tests/hashUtils.test.ts [2m([22m[2m3 tests[22m[2m)[22m[32m 2[2mms[22m[39m
 [32mΓ£ô[39m tests/summaryPrompts.test.ts [2m([22m[2m22 tests[22m[2m)[22m[32m 4[2mms[22m[39m
 [32mΓ£ô[39m tests/urlValidator.test.ts [2m([22m[2m32 tests[22m[2m)[22m[32m 5[2mms[22m[39m
 [32mΓ£ô[39m tests/multiSource.test.ts [2m([22m[2m1 test[22m[2m)[22m[32m 4[2mms[22m[39m
 [32mΓ£ô[39m tests/documentExtractionService.test.ts [2m([22m[2m18 tests[22m[2m)[22m[32m 9[2mms[22m[39m
 [32mΓ£ô[39m tests/sourceDetection.test.ts [2m([22m[2m58 tests[22m[2m)[22m[32m 11[2mms[22m[39m
 [32mΓ£ô[39m tests/dashboardService.test.ts [2m([22m[2m9 tests[22m[2m)[22m[32m 5[2mms[22m[39m
 [32mΓ£ô[39m tests/frontmatterUtils.test.ts [2m([22m[2m45 tests[22m[2m)[22m[32m 7[2mms[22m[39m
 [32mΓ£ô[39m tests/dictionaryService.test.ts [2m([22m[2m14 tests[22m[2m)[22m[32m 14[2mms[22m[39m
 [32mΓ£ô[39m tests/configurationService.test.ts [2m([22m[2m13 tests[22m[2m)[22m[32m 7[2mms[22m[39m
 [32mΓ£ô[39m tests/embeddedContentDetector.test.ts [2m([22m[2m6 tests[22m[2m)[22m[32m 4[2mms[22m[39m
node.exe : [90mstderr[2m | tests/dictionaryController.test.ts[2m > 
[22m[2mDictionaryController[2m > [22m[2mlistDictionaries[2m > 
[22m[2mshould return empty array on error
At line:1 char:1
+ & "C:\Program Files\nodejs/node.exe" "C:\Users\User\AppData\Roaming\n ...
+ ~~~~~~~~~~~~~~~~~~~~~~~~~~~~~~~~~~~~~~~~~~~~~~~~~~~~~~~~~~~~~~~~~~~~~
    + CategoryInfo          : NotSpecified: ([90mstderr[2m... array on erro 
   r:String) [], RemoteException
    + FullyQualifiedErrorId : NativeCommandError
 
[22m[39m[AI Organiser] Failed to list dictionaries: Error: Service error
    at C:/GIT/ai-organiser/tests/dictionaryController.test.ts:180:17
    at [90mfile:///C:/GIT/ai-organiser/[39mnode_modules/[4m@vitest[24m/run
ner/dist/index.js:145:11
    at [90mfile:///C:/GIT/ai-organiser/[39mnode_modules/[4m@vitest[24m/run
ner/dist/index.js:915:26
    at [90mfile:///C:/GIT/ai-organiser/[39mnode_modules/[4m@vitest[24m/run
ner/dist/index.js:1243:20
    at new Promise (<anonymous>)
    at runWithTimeout [90m(file:///C:/GIT/ai-organiser/[39mnode_modules/[4m
@vitest[24m/runner/dist/index.js:1209:10[90m)[39m
    at [90mfile:///C:/GIT/ai-organiser/[39mnode_modules/[4m@vitest[24m/run
ner/dist/index.js:1653:37
    at Traces.$ [90m(file:///C:/GIT/ai-organiser/[39mnode_modules/[4mvitest
[24m/dist/chunks/traces.CCmnQaNT.js:142:27[90m)[39m
    at trace [90m(file:///C:/GIT/ai-organiser/[39mnode_modules/[4mvitest[2
4m/dist/chunks/test.B8ej_ZHS.js:239:21[90m)[39m
    at runTest [90m(file:///C:/GIT/ai-organiser/[39mnode_modules/[4m@vitest
[24m/runner/dist/index.js:1653:12[90m)[39m

 [32mΓ£ô[39m tests/documentHandlingController.test.ts [2m([22m[2m29 tests[22m[2m)[22m[32m 15[2mms[22m[39m
 [32mΓ£ô[39m tests/minutesService.test.ts [2m([22m[2m23 tests[22m[2m)[22m[32m 15[2mms[22m[39m
 [32mΓ£ô[39m tests/tagUtils.test.ts [2m([22m[2m43 tests[22m[2m)[22m[32m 9[2mms[22m[39m
 [32mΓ£ô[39m tests/dictionaryController.test.ts [2m([22m[2m56 tests[22m[2m)[22m[32m 18[2mms[22m[39m
 [32mΓ£ô[39m tests/minutesAutoFill.test.ts [2m([22m[2m12 tests[22m[2m)[22m[32m 7[2mms[22m[39m
 [32mΓ£ô[39m tests/textChunker.test.ts [2m([22m[2m30 tests[22m[2m)[22m[32m 121[2mms[22m[39m
 [32mΓ£ô[39m tests/audioController.test.ts [2m([22m[2m38 tests[22m[2m)[22m[32m 19[2mms[22m[39m
 [31mΓ¥»[39m tests/promptInvariants.test.ts [2m([22m[2m80 tests[22m[2m | [22m[31m19 failed[39m[2m)[22m[32m 19[2mms[22m[39m
       [32mΓ£ô[39m should include task section defining JSON requirement[32m 1[2mms[22m[39m
       [32mΓ£ô[39m should include output_format section with JSON schema[32m 0[2mms[22m[39m
       [32mΓ£ô[39m should require valid JSON with specific fields[32m 0[2mms[22m[39m
[31m       [31m├ù[31m should respect length option in instructions[39m[32m 6[2mms[22m[39m
       [32mΓ£ô[39m should include specified language in instructions[32m 0[2mms[22m[39m
       [32mΓ£ô[39m should include persona when provided[32m 0[2mms[22m[39m
       [32mΓ£ô[39m should include user context when provided[32m 0[2mms[22m[39m
       [32mΓ£ô[39m should omit persona section when not provided[32m 0[2mms[22m[39m
[31m       [31m├ù[31m should return modified prompt when placeholder exists[39m[32m 1[2mms[22m[39m
       [32mΓ£ô[39m should preserve prompt structure after insertion[32m 0[2mms[22m[39m
       [32mΓ£ô[39m should include critical_instructions section with injection guards[32m 0[2mms[22m[39m
       [32mΓ£ô[39m should explicitly warn against following embedded commands[32m 0[2mms[22m[39m
       [32mΓ£ô[39m should instruct to treat content as TEXT only[32m 0[2mms[22m[39m
       [32mΓ£ô[39m should warn against revealing instructions if asked[32m 0[2mms[22m[39m
       [32mΓ£ô[39m should include target language in task[32m 0[2mms[22m[39m
       [32mΓ£ô[39m should specify content placeholder for insertion[32m 0[2mms[22m[39m
       [32mΓ£ô[39m should forbid adding new formatting[32m 1[2mms[22m[39m
       [32mΓ£ô[39m should substitute content into placeholder[32m 0[2mms[22m[39m
       [32mΓ£ô[39m should preserve safety instructions after insertion[32m 0[2mms[22m[39m
       [32mΓ£ô[39m should include task section[32m 0[2mms[22m[39m
       [32mΓ£ô[39m should include output_format with JSON structure[32m 0[2mms[22m[39m
       [32mΓ£ô[39m should include taxonomy_structure section[32m 0[2mms[22m[39m
       [32mΓ£ô[39m should honor maxTags parameter in output format[32m 0[2mms[22m[39m
       [32mΓ£ô[39m should truncate subfolders list at 20 when folder context provided[32m 0[2mms[22m[39m
       [32mΓ£ô[39m should truncate tags list at 30 when folder context provided[32m 0[2mms[22m[39m
       [32mΓ£ô[39m should constrain folder path to rootPath when context provided[32m 0[2mms[22m[39m
       [32mΓ£ô[39m should include language instructions when language specified[32m 0[2mms[22m[39m
[31m       [31m├ù[31m should include task section[39m[32m 0[2mms[22m[39m
[31m       [31m├ù[31m should include requirements section[39m[32m 0[2mms[22m[39m
[31m       [31m├ù[31m should specify maxTags limit in output[39m[32m 0[2mms[22m[39m
[31m       [31m├ù[31m should include output_format section[39m[32m 0[2mms[22m[39m
       [32mΓ£ô[39m should have Anki format with MathJax support[32m 0[2mms[22m[39m
       [32mΓ£ô[39m should have Brainscape format with plain math[32m 0[2mms[22m[39m
       [32mΓ£ô[39m should include MathJax notation guidance in Anki prompt[32m 0[2mms[22m[39m
       [32mΓ£ô[39m should warn against $ delimiters in Anki prompt[32m 0[2mms[22m[39m
[31m       [31m├ù[31m should include task section[39m[32m 0[2mms[22m[39m
[31m       [31m├ù[31m should include format guidance for specified format[39m[32m 0[2mms[22m[39m
[31m       [31m├ù[31m should include quality rules section[39m[32m 0[2mms[22m[39m
[31m       [31m├ù[31m should specify style in output format[39m[32m 0[2mms[22m[39m
       [32mΓ£ô[39m should validate basic CSV format[32m 0[2mms[22m[39m
[31m       [31m├ù[31m should detect unescaped quotes as invalid[39m[32m 1[2mms[22m[39m
[31m       [31m├ù[31m should report error details for invalid CSV[39m[32m 0[2mms[22m[39m
       [32mΓ£ô[39m should include standard and multiple-choice options[32m 0[2mms[22m[39m
       [32mΓ£ô[39m should have descriptive names for each style[32m 0[2mms[22m[39m
[31m       [31m├ù[31m should include task section[39m[32m 0[2mms[22m[39m
[31m       [31m├ù[31m should include diagram type guidance[39m[32m 0[2mms[22m[39m
[31m       [31m├ù[31m should include requirements section[39m[32m 0[2mms[22m[39m
[31m       [31m├ù[31m should include note content[39m[32m 1[2mms[22m[39m
[31m       [31m├ù[31m should include custom instruction[39m[32m 0[2mms[22m[39m
[31m       [31m├ù[31m should have guidance for auto diagram type[39m[32m 0[2mms[22m[39m
[31m       [31m├ù[31m should have guidance for all diagram types[39m[32m 0[2mms[22m[39m
       [32mΓ£ô[39m should include task section[32m 0[2mms[22m[39m
       [32mΓ£ô[39m should include requirements section with categorization rules[32m 0[2mms[22m[39m
       [32mΓ£ô[39m should include documents section[32m 0[2mms[22m[39m
       [32mΓ£ô[39m should include output_format section[32m 0[2mms[22m[39m
       [32mΓ£ô[39m should include existing terms when provided[32m 0[2mms[22m[39m
       [32mΓ£ô[39m should specify language for extraction[32m 0[2mms[22m[39m
       [32mΓ£ô[39m should default to English when language not specified[32m 0[2mms[22m[39m
       [32mΓ£ô[39m should have at least 3 builtin personas[32m 0[2mms[22m[39m
       [32mΓ£ô[39m each persona should have required properties[32m 0[2mms[22m[39m
       [32mΓ£ô[39m each persona prompt should be substantive[32m 0[2mms[22m[39m
       [32mΓ£ô[39m persona IDs should be unique[32m 0[2mms[22m[39m
       [32mΓ£ô[39m should retrieve persona by valid ID[32m 0[2mms[22m[39m
       [32mΓ£ô[39m should return undefined for invalid ID[32m 0[2mms[22m[39m
       [32mΓ£ô[39m should support case-sensitive persona lookup[32m 0[2mms[22m[39m
       [32mΓ£ô[39m should include all builtin personas by default[32m 0[2mms[22m[39m
       [32mΓ£ô[39m should merge custom personas with builtin[32m 0[2mms[22m[39m
       [32mΓ£ô[39m should not duplicate personas[32m 0[2mms[22m[39m
       [32mΓ£ô[39m should include task section[32m 0[2mms[22m[39m
       [32mΓ£ô[39m should include requirements section[32m 0[2mms[22m[39m
       [32mΓ£ô[39m should include output_format section[32m 0[2mms[22m[39m
       [32mΓ£ô[39m should respect length option[32m 0[2mms[22m[39m
       [32mΓ£ô[39m should include persona when provided[32m 0[2mms[22m[39m
       [32mΓ£ô[39m should include specified language[32m 0[2mms[22m[39m
       [32mΓ£ô[39m should include task section[32m 0[2mms[22m[39m
       [32mΓ£ô[39m should include merge/combine guidance[32m 0[2mms[22m[39m
       [32mΓ£ô[39m should include output_format section[32m 0[2mms[22m[39m
       [32mΓ£ô[39m should handle specified language[32m 0[2mms[22m[39m
       [32mΓ£ô[39m should substitute content when placeholder exists[32m 0[2mms[22m[39m
       [32mΓ£ô[39m should preserve prompt structure after insertion[32m 0[2mms[22m[39m

[31mΓÄ»ΓÄ»ΓÄ»ΓÄ»ΓÄ»ΓÄ»[39m[1m[41m Failed Tests 22 
[49m[22m[31mΓÄ»ΓÄ»ΓÄ»ΓÄ»ΓÄ»ΓÄ»ΓÄ»[39m

[41m[1m FAIL [22m[49m tests/minutesPrompts.test.ts[2m > [22mMinutes 
Prompts - Chunk Extraction Invariants[2m > 
[22mbuildChunkExtractionPrompt[2m > [22mshould include required task 
section
[31m[1mAssertionError[22m: expected 'You are extracting meeting items 
fromΓÇª' to contain '<task>'[39m

[32m- Expected[39m
[31m+ Received[39m

[32m- <task>[39m
[31m+ You are extracting meeting items from a transcript chunk. This is part 
of a longer meeting.[39m
[31m+[39m
[31m+ Extract ONLY:[39m
[31m+ - Actions (with owner if stated, otherwise TBC)[39m
[31m+ - Decisions[39m
[31m+ - Risks mentioned[39m
[31m+ - Notable points[39m
[31m+ - Open questions[39m
[31m+[39m
[31m+ Return valid JSON only, no other text:[39m
[31m+[39m
[31m+ {[39m
[31m+   "actions": [{ "id": "A1", "text": "", "owner": "TBC", "due_date": 
"TBC", "confidence": "high|medium|low", "source_timecodes": [] }],[39m
[31m+   "decisions": [{ "id": "D1", "text": "", "owner": "", "confidence": 
"high|medium|low", "source_timecodes": [] }],[39m
[31m+   "risks": [{ "id": "R1", "text": "", "owner": "TBC", "confidence": 
"high|medium|low" }],[39m
[31m+   "notable_points": [{ "id": "N1", "text": "", "confidence": 
"high|medium|low" }],[39m
[31m+   "open_questions": [{ "id": "Q1", "text": "", "owner": "TBC", 
"confidence": "high|medium|low" }][39m
[31m+ }[39m
[31m+[39m
[31m+ Rules:[39m
[31m+ - Use temporary IDs (A1, D1, etc.) - they will be renumbered in 
consolidation.[39m
[31m+ - Do not invent items. Only extract what is clearly stated.[39m
[31m+ - If this chunk has no relevant items, return empty arrays.[39m

[36m [2mΓ¥»[22m tests/minutesPrompts.test.ts:[2m476:28[22m[39m
    [90m474| [39m        [34mit[39m([32m'should include required task 
section'[39m[33m,[39m () [33m=>[39m {
    [90m475| [39m            [35mconst[39m prompt [33m=[39m 
[34mbuildChunkExtractionPrompt[39m()[33m;[39m
    [90m476| [39m            [34mexpect[39m(prompt)[33m.[39m[34mtoConta
in[39m([32m'<task>'[39m)[33m;[39m
    [90m   | [39m                           [31m^[39m
    [90m477| [39m            [34mexpect[39m(prompt)[33m.[39m[34mtoConta
in[39m([32m'</task>'[39m)[33m;[39m
    [90m478| [39m        })[33m;[39m

[31m[2mΓÄ»ΓÄ»ΓÄ»ΓÄ»ΓÄ»ΓÄ»ΓÄ»ΓÄ»ΓÄ»ΓÄ»ΓÄ»ΓÄ»ΓÄ»ΓÄ»ΓÄ»ΓÄ»ΓÄ»ΓÄ»ΓÄ»ΓÄ»ΓÄ»ΓÄ»ΓÄ»
[1/22]ΓÄ»[22m[39m

[41m[1m FAIL [22m[49m tests/minutesPrompts.test.ts[2m > [22mMinutes 
Prompts - Chunk Extraction Invariants[2m > 
[22mbuildChunkExtractionPrompt[2m > [22mshould include structure for 
handling incomplete information
[31m[1mAssertionError[22m: expected 'you are extracting meeting items 
fromΓÇª' to contain 'partial'[39m

[32m- Expected[39m
[31m+ Received[39m

[32m- partial[39m
[31m+ you are extracting meeting items from a transcript chunk. this is part 
of a longer meeting.[39m
[31m+[39m
[31m+ extract only:[39m
[31m+ - actions (with owner if stated, otherwise tbc)[39m
[31m+ - decisions[39m
[31m+ - risks mentioned[39m
[31m+ - notable points[39m
[31m+ - open questions[39m
[31m+[39m
[31m+ return valid json only, no other text:[39m
[31m+[39m
[31m+ {[39m
[31m+   "actions": [{ "id": "a1", "text": "", "owner": "tbc", "due_date": 
"tbc", "confidence": "high|medium|low", "source_timecodes": [] }],[39m
[31m+   "decisions": [{ "id": "d1", "text": "", "owner": "", "confidence": 
"high|medium|low", "source_timecodes": [] }],[39m
[31m+   "risks": [{ "id": "r1", "text": "", "owner": "tbc", "confidence": 
"high|medium|low" }],[39m
[31m+   "notable_points": [{ "id": "n1", "text": "", "confidence": 
"high|medium|low" }],[39m
[31m+   "open_questions": [{ "id": "q1", "text": "", "owner": "tbc", 
"confidence": "high|medium|low" }][39m
[31m+ }[39m
[31m+[39m
[31m+ rules:[39m
[31m+ - use temporary ids (a1, d1, etc.) - they will be renumbered in 
consolidation.[39m
[31m+ - do not invent items. only extract what is clearly stated.[39m
[31m+ - if this chunk has no relevant items, return empty arrays.[39m

[36m [2mΓ¥»[22m tests/minutesPrompts.test.ts:[2m502:42[22m[39m
    [90m500| [39m            [35mconst[39m prompt [33m=[39m 
[34mbuildChunkExtractionPrompt[39m()[33m;[39m
    [90m501| [39m            // Should handle chunks that don't have 
complete meeting iΓÇª
    [90m502| [39m            [34mexpect[39m(prompt[33m.[39m[34mtoLowerC
ase[39m())[33m.[39m[34mtoContain[39m([32m'partial'[39m)[33m;[39m
    [90m   | [39m                                         [31m^[39m
    [90m503| [39m        })[33m;[39m
    [90m504| [39m    })[33m;[39m

[31m[2mΓÄ»ΓÄ»ΓÄ»ΓÄ»ΓÄ»ΓÄ»ΓÄ»ΓÄ»ΓÄ»ΓÄ»ΓÄ»ΓÄ»ΓÄ»ΓÄ»ΓÄ»ΓÄ»ΓÄ»ΓÄ»ΓÄ»ΓÄ»ΓÄ»ΓÄ»ΓÄ»
[2/22]ΓÄ»[22m[39m

[41m[1m FAIL [22m[49m tests/minutesPrompts.test.ts[2m > [22mMinutes 
Prompts - Consolidation Invariants[2m > [22mbuildConsolidationPrompt[2m > 
[22mshould include required task section
[31m[1mAssertionError[22m: expected 'You are consolidating meeting items 
eΓÇª' to contain '<task>'[39m

[32m- Expected[39m
[31m+ Received[39m

[32m- <task>[39m
[31m+ You are consolidating meeting items extracted from multiple transcript 
chunks into final minutes.[39m
[31m+[39m
[31m+ You will receive:[39m
[31m+ 1. Meeting metadata[39m
[31m+ 2. Participant list[39m
[31m+ 3. Extracted items from each chunk (may have duplicates)[39m
[31m+[39m
[31m+ Your task:[39m
[31m+ 1. Deduplicate items (same action mentioned in multiple chunks = one 
action)[39m
[31m+ 2. Renumber IDs sequentially (A1, A2... D1, D2...)[39m
[31m+ 3. Produce final MinutesJSON and markdown minutes[39m
[31m+[39m
[31m+ You are a corporate minute taker for professional meetings.[39m
[31m+[39m
[31m+ <<< RESPONSE FORMAT - CRITICAL >>>[39m
[31m+[39m
[31m+ Your response MUST start with a valid JSON object (no preamble, no 
markdown fences).[39m
[31m+ After the JSON, output exactly this delimiter on its own line:[39m
[31m+ <<AIO_MINUTES_JSON_END>>[39m
[31m+ Then output the markdown minutes.[39m
[31m+[39m
[31m+ If dual_output is true, output markdown in exactly this structure 
after the delimiter:[39m
[31m+ ## Minutes_Internal[39m
[31m+ [full detail markdown][39m
[31m+[39m
[31m+ ## Minutes_External[39m
[31m+ [sanitized markdown][39m
[31m+[39m
[31m+ Do not add separators between sections. Use exactly these 
headings.[39m
[31m+[39m
[31m+ <<< LANGUAGE AND STYLE >>>[39m
[31m+[39m
[31m+ - Use English and concise corporate tone.[39m
[31m+ - Neutral, factual. No opinions, no judgmental language.[39m
[31m+ - Short sentences. Avoid em dashes; use hyphens or commas.[39m
[31m+ - Minutes are NOT verbatim. Summarize and structure.[39m
[31m+[39m
[31m+ <<< PERSONA INSTRUCTIONS >>>[39m
[31m+[39m
[31m+ Be professional[39m
[31m+[39m
[31m+ <<< ACCURACY RULES >>>[39m
[31m+[39m
[31m+ - Never invent owners, dates, numbers, or decisions.[39m
[31m+ - If unclear or missing, mark as "TBC" and add to open_questions.[39m
[31m+ - If ambiguous but important, set confidence: "low" and include 
source_timecodes.[39m
[31m+ - Keep names consistent with the participant list or participant list 
text.[39m
[31m+ - verbatim_quote: Only populate when the transcript contains a clearly 
stated resolution text (e.g., chair reads a resolution aloud). Otherwise 
leave blank and add an open question: "Confirm resolution wording for 
[topic]".[39m
[31m+[39m
[31m+ <<< MEETING CONTEXT BEHAVIOR >>>[39m
[31m+[39m
[31m+ meeting_context determines content depth:[39m
[31m+[39m
[31m+ internal[39m
[31m+   - Include operational detail, internal acronyms, dependencies, 
resourcing constraints.[39m
[31m+[39m
[31m+ external[39m
[31m+   - Meeting included external parties. Content may include 
commercially sensitive discussion.[39m
[31m+   - Minutes should still capture full detail unless output_audience is 
external.[39m
[31m+[39m
[31m+ board[39m
[31m+   - Prioritize governance: approvals, resolutions, delegations, risk 
appetite, fiduciary items.[39m
[31m+   - Record conflicts of interest, abstentions, quorum (if 
mentioned).[39m
[31m+[39m
[31m+ <<< OUTPUT AUDIENCE BEHAVIOR >>>[39m
[31m+[39m
[31m+ output_audience determines what to include in the markdown:[39m
[31m+[39m
[31m+ internal[39m
[31m+   - Full detail appropriate for internal circulation.[39m
[31m+[39m
[31m+ external[39m
[31m+   - Sanitize for external sharing: remove internal tool names, 
internal politics, sensitive pricing, strategy commentary, individual 
performance notes.[39m
[31m+   - Keep commitments, decisions, and next steps crisp.[39m
[31m+   - When in doubt, omit.[39m
[31m+[39m
[31m+ <<< TERMINOLOGY DICTIONARY >>>[39m
[31m+[39m
[31m+ If a terminology dictionary is provided, it contains pre-verified 
terms for this meeting context.[39m
[31m+ Use the dictionary to:[39m
[31m+ - Ensure correct spelling of names (people, projects, 
organizations)[39m
[31m+ - Expand acronyms correctly using the provided definitions[39m
[31m+ - Apply consistent terminology throughout the minutes[39m
[31m+ - Match names to roles/titles as specified[39m
[31m+[39m
[31m+ The dictionary entries are authoritative - prefer dictionary spellings 
over transcript guesses.[39m
[31m+[39m
[31m+ <<< CONTEXT DOCUMENTS >>>[39m
[31m+[39m
[31m+ If context_documents is provided in the input, use it to:[39m
[31m+ - Identify correct spelling of names, project codes, and technical 
terms[39m
[31m+ - Cross-reference agenda items with supporting materials (e.g., 
slides, reports)[39m
[31m+ - Clarify acronyms and abbreviations mentioned in the transcript[39m
[31m+ - Verify numerical data, dates, and figures referenced in 
discussion[39m
[31m+[39m
[31m+ IMPORTANT: Do NOT summarize the context documents themselves. They are 
reference only for improving transcript accuracy.[39m
[31m+[39m
[31m+ <<< OUTPUT SCHEMA >>>[39m
[31m+[39m
[31m+ MinutesJSON (valid JSON, no markdown fences, must be first in 
response):[39m
[31m+[39m
[31m+ {[39m
[31m+   "metadata": {[39m
[31m+     "title": "",[39m
[31m+     "date": "",[39m
[31m+     "start_time": "",[39m
[31m+     "end_time": "",[39m
[31m+     "timezone": "",[39m
[31m+     "meeting_context": "internal | external | board",[39m
[31m+     "output_audience": "internal | external",[39m
[31m+     "confidentiality_level": "public | internal | confidential | 
strictly_confidential",[39m
[31m+     "chair": "",[39m
[31m+     "minute_taker": "",[39m
[31m+     "location": "",[39m
[31m+     "quorum_present": true | false | null[39m
[31m+   },[39m
[31m+   "participants": [[39m
[31m+     { "name": "", "role": "", "organisation": "", "attendance": 
"present | apologies | partial" }[39m
[31m+   ],[39m
[31m+   "agenda": ["Item 1", "Item 2"],[39m
[31m+   "decisions": [[39m
[31m+     {[39m
[31m+       "id": "D1",[39m
[31m+       "agenda_item_ref": 1,[39m
[31m+       "text": "",[39m
[31m+       "owner": "",[39m
[31m+       "due_date": "",[39m
[31m+       "verbatim_quote": "",[39m
[31m+       "confidence": "high | medium | low",[39m
[31m+       "source_timecodes": [][39m
[31m+     }[39m
[31m+   ],[39m
[31m+   "actions": [[39m
[31m+     {[39m
[31m+       "id": "A1",[39m
[31m+       "agenda_item_ref": 1,[39m
[31m+       "text": "",[39m
[31m+       "owner": "TBC",[39m
[31m+       "due_date": "TBC",[39m
[31m+       "status": "new",[39m
[31m+       "confidence": "high | medium | low",[39m
[31m+       "source_timecodes": [][39m
[31m+     }[39m
[31m+   ],[39m
[31m+   "risks": [[39m
[31m+     { "id": "R1", "text": "", "impact": "", "mitigation": "", "owner": 
"TBC", "confidence": "high | medium | low" }[39m
[31m+   ],[39m
[31m+   "notable_points": [[39m
[31m+     { "id": "N1", "agenda_item_ref": null, "text": "", "confidence": 
"high | medium | low" }[39m
[31m+   ],[39m
[31m+   "open_questions": [[39m
[31m+     { "id": "Q1", "text": "", "owner": "TBC", "confidence": "high | 
medium | low" }[39m
[31m+   ],[39m
[31m+   "deferred_items": [[39m
[31m+     { "id": "P1", "text": "", "reason": "" }[39m
[31m+   ][39m
[31m+ }[39m
[31m+[39m
[31m+ Minutes (markdown) must include:[39m
[31m+ - Metadata block (title, date, time, location, chair, attendees, 
apologies, distribution, confidentiality)[39m
[31m+ - Agenda (numbered)[39m
[31m+ - Key points by agenda item (brief bullets)[39m
[31m+ - Decisions (numbered, cross-ref D1 etc.)[39m
[31m+ - Actions table: ID | Action | Owner | Due | Status | Notes[39m
[31m+ - Risks / Issues (if any)[39m
[31m+ - Parking lot / Deferred items[39m
[31m+ - Clarifications needed (if any open_questions exist)[39m
[31m+[39m
[31m+ <<< SELF-CHECK (run before returning) >>>[39m
[31m+[39m
[31m+ 1. Response starts with { (no preamble).[39m
[31m+ 2. JSON is valid (no trailing commas, all strings quoted).[39m
[31m+ 3. Every action has an owner or is marked TBC.[39m
[31m+ 4. Every decision references an agenda item or is flagged "no agenda 
ref".[39m
[31m+ 5. No invented names, numbers, or dates.[39m
[31m+ 6. Confidence is set for every item.[39m
[31m+ 7. open_questions includes anything marked TBC.[39m
[31m+ 8. verbatim_quote is empty unless resolution was explicitly read 
aloud.[39m
[31m+[39m
[31m+ <<< EDGE CASES >>>[39m
[31m+[39m
[31m+ - No clear decision reached: Add to open_questions with text "Decision 
pending: [topic]".[39m
[31m+ - Item explicitly deferred: Add to deferred_items with reason.[39m
[31m+ - Heated discussion, no resolution: Summarize positions neutrally in 
notable_points. Do not fabricate consensus.[39m
[31m+ - Missing agenda: Set agenda to [] and agenda_item_ref to null 
throughout.[39m

[36m [2mΓ¥»[22m tests/minutesPrompts.test.ts:[2m511:28[22m[39m
    [90m509| [39m        [34mit[39m([32m'should include required task 
section'[39m[33m,[39m () [33m=>[39m {
    [90m510| [39m            const prompt = 
buildConsolidationPrompt('English', 'Be proΓÇª
    [90m511| [39m            [34mexpect[39m(prompt)[33m.[39m[34mtoConta
in[39m([32m'<task>'[39m)[33m;[39m
    [90m   | [39m                           [31m^[39m
    [90m512| [39m            [34mexpect[39m(prompt)[33m.[39m[34mtoConta
in[39m([32m'</task>'[39m)[33m;[39m
    [90m513| [39m        })[33m;[39m

[31m[2mΓÄ»ΓÄ»ΓÄ»ΓÄ»ΓÄ»ΓÄ»ΓÄ»ΓÄ»ΓÄ»ΓÄ»ΓÄ»ΓÄ»ΓÄ»ΓÄ»ΓÄ»ΓÄ»ΓÄ»ΓÄ»ΓÄ»ΓÄ»ΓÄ»ΓÄ»ΓÄ»
[3/22]ΓÄ»[22m[39m

[41m[1m FAIL [22m[49m tests/promptInvariants.test.ts[2m > 
[22mStructured Prompts - Invariants[2m > 
[22mbuildStructuredSummaryPrompt[2m > [22mshould respect length option in 
instructions
[31m[1mAssertionError[22m: expected '<task>\nYou are a professional 
note-tΓÇª' to contain 'brief'[39m

[32m- Expected[39m
[31m+ Received[39m

[32m- brief[39m
[31m+ <task>[39m
[31m+ You are a professional note-taker creating structured summaries. You 
must return your response as valid JSON.[39m
[31m+ </task>[39m
[31m+[39m
[31m+[39m
[31m+[39m
[31m+[39m
[31m+ <instructions>[39m
[31m+ 1. Read and analyze the provided content carefully[39m
[31m+ 2. Create a concise summary focusing on the main points (2-3 
paragraphs).[39m
[31m+ 3. Create a 280-character summary hook (concise overview for quick 
preview)[39m
[31m+ 4. Identify 3-7 relevant tags for categorization[39m
[31m+ 5. Classify the content type as one of: note, research, meeting, 
project, reference[39m
[31m+ 6. Write everything in English[39m
[31m+ 7. Format as markdown with proper headings and structure[39m
[31m+ </instructions>[39m
[31m+[39m
[31m+ <output_format>[39m
[31m+ You MUST return valid JSON with this exact structure (no additional 
text before or after):[39m
[31m+[39m
[31m+ {[39m
[31m+   "summary_hook": "A concise 280-character preview...",[39m
[31m+   "body_content": "## Main heading\n\nFull formatted summary with 
markdown...",[39m
[31m+   "suggested_tags": ["tag1", "tag2", "tag3"],[39m
[31m+   "content_type": "research",[39m
[31m+   "detected_language": "en"[39m
[31m+ }[39m
[31m+[39m
[31m+ CRITICAL:[39m
[31m+ - summary_hook must be 280 characters or less[39m
[31m+ - body_content should use markdown formatting (headers, lists, 
emphasis)[39m
[31m+ - body_content must NOT start with a link to the source URL - jump 
straight into the summary content[39m
[31m+ - Do NOT include any reference to the source URL in body_content (it's 
stored separately in metadata)[39m
[31m+ - suggested_tags: array of 3-7 relevant tags[39m
[31m+ - content_type: exactly one of: note, research, meeting, project, 
reference[39m
[31m+ - Return ONLY the JSON object, no explanations or wrapper text[39m
[31m+ </output_format>[39m
[31m+[39m
[31m+ <content>[39m
[31m+ {{CONTENT}}[39m
[31m+ </content>[39m

[36m [2mΓ¥»[22m tests/promptInvariants.test.ts:[2m89:33[22m[39m
    [90m 87| [39m            const detailedPrompt = 
buildStructuredSummaryPrompt({ lengΓÇª
    [90m 88| [39m            
    [90m 89| [39m            [34mexpect[39m(briefPrompt)[33m.[39m[34mto
Contain[39m([32m'brief'[39m)[33m;[39m
    [90m   | [39m                                [31m^[39m
    [90m 90| [39m            [34mexpect[39m(briefPrompt)[33m.[39mnot[33
m.[39m[34mtoContain[39m([32m'comprehensive'[39m)[33m;[39m
    [90m 91| [39m            [34mexpect[39m(detailedPrompt)[33m.[39m[34
mtoContain[39m([32m'comprehensive'[39m)[33m;[39m

[31m[2mΓÄ»ΓÄ»ΓÄ»ΓÄ»ΓÄ»ΓÄ»ΓÄ»ΓÄ»ΓÄ»ΓÄ»ΓÄ»ΓÄ»ΓÄ»ΓÄ»ΓÄ»ΓÄ»ΓÄ»ΓÄ»ΓÄ»ΓÄ»ΓÄ»ΓÄ»ΓÄ»
[4/22]ΓÄ»[22m[39m

[41m[1m FAIL [22m[49m tests/promptInvariants.test.ts[2m > 
[22mStructured Prompts - Invariants[2m > 
[22minsertContentIntoStructuredPrompt[2m > [22mshould return modified 
prompt when placeholder exists
[31m[1mAssertionError[22m: expected 'Process this: 
{{CONTENT_PLACEHOLDER}}' to contain 'Important data'[39m

Expected: [32m"Important data"[39m
Received: [31m"Process this: {{CONTENT_PLACEHOLDER}}"[39m

[36m [2mΓ¥»[22m tests/promptInvariants.test.ts:[2m122:28[22m[39m
    [90m120| [39m            [35mconst[39m content [33m=[39m 
[32m'Important data'[39m[33m;[39m
    [90m121| [39m            const result = 
insertContentIntoStructuredPrompt(prompt, cΓÇª
    [90m122| [39m            
[34mexpect[39m(result)[33m.[39m[34mtoContain[39m(content)[33m;[39m
    [90m   | [39m                           [31m^[39m
    [90m123| [39m        })[33m;[39m
    [90m124| [39m

[31m[2mΓÄ»ΓÄ»ΓÄ»ΓÄ»ΓÄ»ΓÄ»ΓÄ»ΓÄ»ΓÄ»ΓÄ»ΓÄ»ΓÄ»ΓÄ»ΓÄ»ΓÄ»ΓÄ»ΓÄ»ΓÄ»ΓÄ»ΓÄ»ΓÄ»ΓÄ»ΓÄ»
[5/22]ΓÄ»[22m[39m

[41m[1m FAIL [22m[49m tests/promptInvariants.test.ts[2m > [22mTag 
Prompts - Invariants[2m > [22mbuildTagPrompt[2m > [22mshould include task 
section
[31m[1mTypeError[22m: Cannot read properties of undefined (reading 
'length')[39m
[36m [2mΓ¥»[22m buildTagPrompt 
src/services/prompts/tagPrompts.ts:[2m189:37[22m[39m
    [90m187| [39m)[33m:[39m string {
    [90m188| [39m    // Convert candidate tags to a simple taxonomy format 
for backwardΓÇª
    [90m189| [39m    [35mconst[39m themeList [33m=[39m 
candidateTags[33m.[39mlength [33m>[39m [34m0[39m
    [90m   | [39m                                    [31m^[39m
    [90m190| [39m        [33m?[39m 
candidateTags[33m.[39m[34mjoin[39m([32m', '[39m)
    [90m191| [39m        : 'Technology, Strategy, Business, Science, 
Personal-DevelopmeΓÇª
[90m [2mΓ¥»[22m tests/promptInvariants.test.ts:[2m290:28[22m[39m

[31m[2mΓÄ»ΓÄ»ΓÄ»ΓÄ»ΓÄ»ΓÄ»ΓÄ»ΓÄ»ΓÄ»ΓÄ»ΓÄ»ΓÄ»ΓÄ»ΓÄ»ΓÄ»ΓÄ»ΓÄ»ΓÄ»ΓÄ»ΓÄ»ΓÄ»ΓÄ»ΓÄ»
[6/22]ΓÄ»[22m[39m

[41m[1m FAIL [22m[49m tests/promptInvariants.test.ts[2m > [22mTag 
Prompts - Invariants[2m > [22mbuildTagPrompt[2m > [22mshould include 
requirements section
[31m[1mTypeError[22m: Cannot read properties of undefined (reading 
'length')[39m
[36m [2mΓ¥»[22m buildTagPrompt 
src/services/prompts/tagPrompts.ts:[2m189:37[22m[39m
    [90m187| [39m)[33m:[39m string {
    [90m188| [39m    // Convert candidate tags to a simple taxonomy format 
for backwardΓÇª
    [90m189| [39m    [35mconst[39m themeList [33m=[39m 
candidateTags[33m.[39mlength [33m>[39m [34m0[39m
    [90m   | [39m                                    [31m^[39m
    [90m190| [39m        [33m?[39m 
candidateTags[33m.[39m[34mjoin[39m([32m', '[39m)
    [90m191| [39m        : 'Technology, Strategy, Business, Science, 
Personal-DevelopmeΓÇª
[90m [2mΓ¥»[22m tests/promptInvariants.test.ts:[2m295:28[22m[39m

[31m[2mΓÄ»ΓÄ»ΓÄ»ΓÄ»ΓÄ»ΓÄ»ΓÄ»ΓÄ»ΓÄ»ΓÄ»ΓÄ»ΓÄ»ΓÄ»ΓÄ»ΓÄ»ΓÄ»ΓÄ»ΓÄ»ΓÄ»ΓÄ»ΓÄ»ΓÄ»ΓÄ»
[7/22]ΓÄ»[22m[39m

[41m[1m FAIL [22m[49m tests/promptInvariants.test.ts[2m > [22mTag 
Prompts - Invariants[2m > [22mbuildTagPrompt[2m > [22mshould specify 
maxTags limit in output
[31m[1mTypeError[22m: Cannot read properties of undefined (reading 
'length')[39m
[36m [2mΓ¥»[22m buildTagPrompt 
src/services/prompts/tagPrompts.ts:[2m189:37[22m[39m
    [90m187| [39m)[33m:[39m string {
    [90m188| [39m    // Convert candidate tags to a simple taxonomy format 
for backwardΓÇª
    [90m189| [39m    [35mconst[39m themeList [33m=[39m 
candidateTags[33m.[39mlength [33m>[39m [34m0[39m
    [90m   | [39m                                    [31m^[39m
    [90m190| [39m        [33m?[39m 
candidateTags[33m.[39m[34mjoin[39m([32m', '[39m)
    [90m191| [39m        : 'Technology, Strategy, Business, Science, 
Personal-DevelopmeΓÇª
[90m [2mΓ¥»[22m tests/promptInvariants.test.ts:[2m301:28[22m[39m

[31m[2mΓÄ»ΓÄ»ΓÄ»ΓÄ»ΓÄ»ΓÄ»ΓÄ»ΓÄ»ΓÄ»ΓÄ»ΓÄ»ΓÄ»ΓÄ»ΓÄ»ΓÄ»ΓÄ»ΓÄ»ΓÄ»ΓÄ»ΓÄ»ΓÄ»ΓÄ»ΓÄ»
[8/22]ΓÄ»[22m[39m

[41m[1m FAIL [22m[49m tests/promptInvariants.test.ts[2m > [22mTag 
Prompts - Invariants[2m > [22mbuildTagPrompt[2m > [22mshould include 
output_format section
[31m[1mTypeError[22m: Cannot read properties of undefined (reading 
'length')[39m
[36m [2mΓ¥»[22m buildTagPrompt 
src/services/prompts/tagPrompts.ts:[2m189:37[22m[39m
    [90m187| [39m)[33m:[39m string {
    [90m188| [39m    // Convert candidate tags to a simple taxonomy format 
for backwardΓÇª
    [90m189| [39m    [35mconst[39m themeList [33m=[39m 
candidateTags[33m.[39mlength [33m>[39m [34m0[39m
    [90m   | [39m                                    [31m^[39m
    [90m190| [39m        [33m?[39m 
candidateTags[33m.[39m[34mjoin[39m([32m', '[39m)
    [90m191| [39m        : 'Technology, Strategy, Business, Science, 
Personal-DevelopmeΓÇª
[90m [2mΓ¥»[22m tests/promptInvariants.test.ts:[2m306:28[22m[39m

[31m[2mΓÄ»ΓÄ»ΓÄ»ΓÄ»ΓÄ»ΓÄ»ΓÄ»ΓÄ»ΓÄ»ΓÄ»ΓÄ»ΓÄ»ΓÄ»ΓÄ»ΓÄ»ΓÄ»ΓÄ»ΓÄ»ΓÄ»ΓÄ»ΓÄ»ΓÄ»ΓÄ»
[9/22]ΓÄ»[22m[39m

[41m[1m FAIL [22m[49m tests/promptInvariants.test.ts[2m > [22mFlashcard 
Prompts - Invariants[2m > [22mbuildFlashcardPrompt[2m > [22mshould 
include task section
[31m[1mTypeError[22m: Cannot read properties of undefined (reading 
'prompt')[39m
[36m [2mΓ¥»[22m buildFlashcardPrompt 
src/services/prompts/flashcardPrompts.ts:[2m230:25[22m[39m
    [90m228| [39m    style[33m:[39m [33mFlashcardStyle[39m [33m=[39m 
[32m'standard'[39m
    [90m229| [39m)[33m:[39m string {
    [90m230| [39m    [35mlet[39m prompt [33m=[39m 
format[33m.[39mprompt[33m;[39m
    [90m   | [39m                        [31m^[39m
    [90m231| [39m
    [90m232| [39m    [90m// Add style-specific instructions[39m
[90m [2mΓ¥»[22m tests/promptInvariants.test.ts:[2m347:28[22m[39m

[31m[2mΓÄ»ΓÄ»ΓÄ»ΓÄ»ΓÄ»ΓÄ»ΓÄ»ΓÄ»ΓÄ»ΓÄ»ΓÄ»ΓÄ»ΓÄ»ΓÄ»ΓÄ»ΓÄ»ΓÄ»ΓÄ»ΓÄ»ΓÄ»ΓÄ»ΓÄ»[10
/22]ΓÄ»[22m[39m

[41m[1m FAIL [22m[49m tests/promptInvariants.test.ts[2m > [22mFlashcard 
Prompts - Invariants[2m > [22mbuildFlashcardPrompt[2m > [22mshould 
include format guidance for specified format
[31m[1mTypeError[22m: Cannot read properties of undefined (reading 
'prompt')[39m
[36m [2mΓ¥»[22m buildFlashcardPrompt 
src/services/prompts/flashcardPrompts.ts:[2m230:25[22m[39m
    [90m228| [39m    style[33m:[39m [33mFlashcardStyle[39m [33m=[39m 
[32m'standard'[39m
    [90m229| [39m)[33m:[39m string {
    [90m230| [39m    [35mlet[39m prompt [33m=[39m 
format[33m.[39mprompt[33m;[39m
    [90m   | [39m                        [31m^[39m
    [90m231| [39m
    [90m232| [39m    [90m// Add style-specific instructions[39m
[90m [2mΓ¥»[22m tests/promptInvariants.test.ts:[2m356:28[22m[39m

[31m[2mΓÄ»ΓÄ»ΓÄ»ΓÄ»ΓÄ»ΓÄ»ΓÄ»ΓÄ»ΓÄ»ΓÄ»ΓÄ»ΓÄ»ΓÄ»ΓÄ»ΓÄ»ΓÄ»ΓÄ»ΓÄ»ΓÄ»ΓÄ»ΓÄ»ΓÄ»[11
/22]ΓÄ»[22m[39m

[41m[1m FAIL [22m[49m tests/promptInvariants.test.ts[2m > [22mFlashcard 
Prompts - Invariants[2m > [22mbuildFlashcardPrompt[2m > [22mshould 
include quality rules section
[31m[1mTypeError[22m: Cannot read properties of undefined (reading 
'prompt')[39m
[36m [2mΓ¥»[22m buildFlashcardPrompt 
src/services/prompts/flashcardPrompts.ts:[2m230:25[22m[39m
    [90m228| [39m    style[33m:[39m [33mFlashcardStyle[39m [33m=[39m 
[32m'standard'[39m
    [90m229| [39m)[33m:[39m string {
    [90m230| [39m    [35mlet[39m prompt [33m=[39m 
format[33m.[39mprompt[33m;[39m
    [90m   | [39m                        [31m^[39m
    [90m231| [39m
    [90m232| [39m    [90m// Add style-specific instructions[39m
[90m [2mΓ¥»[22m tests/promptInvariants.test.ts:[2m366:28[22m[39m

[31m[2mΓÄ»ΓÄ»ΓÄ»ΓÄ»ΓÄ»ΓÄ»ΓÄ»ΓÄ»ΓÄ»ΓÄ»ΓÄ»ΓÄ»ΓÄ»ΓÄ»ΓÄ»ΓÄ»ΓÄ»ΓÄ»ΓÄ»ΓÄ»ΓÄ»ΓÄ»[12
/22]ΓÄ»[22m[39m

[41m[1m FAIL [22m[49m tests/promptInvariants.test.ts[2m > [22mFlashcard 
Prompts - Invariants[2m > [22mbuildFlashcardPrompt[2m > [22mshould 
specify style in output format
[31m[1mTypeError[22m: Cannot read properties of undefined (reading 
'prompt')[39m
[36m [2mΓ¥»[22m buildFlashcardPrompt 
src/services/prompts/flashcardPrompts.ts:[2m230:25[22m[39m
    [90m228| [39m    style[33m:[39m [33mFlashcardStyle[39m [33m=[39m 
[32m'standard'[39m
    [90m229| [39m)[33m:[39m string {
    [90m230| [39m    [35mlet[39m prompt [33m=[39m 
format[33m.[39mprompt[33m;[39m
    [90m   | [39m                        [31m^[39m
    [90m231| [39m
    [90m232| [39m    [90m// Add style-specific instructions[39m
[90m [2mΓ¥»[22m tests/promptInvariants.test.ts:[2m375:36[22m[39m

[31m[2mΓÄ»ΓÄ»ΓÄ»ΓÄ»ΓÄ»ΓÄ»ΓÄ»ΓÄ»ΓÄ»ΓÄ»ΓÄ»ΓÄ»ΓÄ»ΓÄ»ΓÄ»ΓÄ»ΓÄ»ΓÄ»ΓÄ»ΓÄ»ΓÄ»ΓÄ»[13
/22]ΓÄ»[22m[39m

[41m[1m FAIL [22m[49m tests/promptInvariants.test.ts[2m > [22mFlashcard 
Prompts - Invariants[2m > [22mvalidateFlashcardCSV[2m > [22mshould detect 
unescaped quotes as invalid
[31m[1mAssertionError[22m: expected true to be false // Object.is 
equality[39m

[32m- Expected[39m
[31m+ Received[39m

[32m- false[39m
[31m+ true[39m

[36m [2mΓ¥»[22m tests/promptInvariants.test.ts:[2m400:34[22m[39m
    [90m398| [39m            const csv = '"Question 1","Answer with " 
quote"\n"Q2","A2"ΓÇª
    [90m399| [39m            [35mconst[39m result [33m=[39m 
[34mvalidateFlashcardCSV[39m(csv)[33m;[39m
    [90m400| [39m            [34mexpect[39m(result[33m.[39mvalid)[33m.
[39m[34mtoBe[39m([35mfalse[39m)[33m;[39m
    [90m   | [39m                                 [31m^[39m
    [90m401| [39m        })[33m;[39m
    [90m402| [39m

[31m[2mΓÄ»ΓÄ»ΓÄ»ΓÄ»ΓÄ»ΓÄ»ΓÄ»ΓÄ»ΓÄ»ΓÄ»ΓÄ»ΓÄ»ΓÄ»ΓÄ»ΓÄ»ΓÄ»ΓÄ»ΓÄ»ΓÄ»ΓÄ»ΓÄ»ΓÄ»[14
/22]ΓÄ»[22m[39m

[41m[1m FAIL [22m[49m tests/promptInvariants.test.ts[2m > [22mFlashcard 
Prompts - Invariants[2m > [22mvalidateFlashcardCSV[2m > [22mshould report 
error details for invalid CSV
[31m[1mAssertionError[22m: expected undefined to be defined[39m
[36m [2mΓ¥»[22m tests/promptInvariants.test.ts:[2m407:38[22m[39m
    [90m405| [39m            [35mconst[39m result [33m=[39m 
[34mvalidateFlashcardCSV[39m(csv)[33m;[39m
    [90m406| [39m            [35mif[39m 
([33m![39mresult[33m.[39mvalid) {
    [90m407| [39m                [34mexpect[39m(result[33m.[39merror)[3
3m.[39m[34mtoBeDefined[39m()[33m;[39m
    [90m   | [39m                                     [31m^[39m
    [90m408| [39m                [34mexpect[39m([35mtypeof[39m result[3
3m.[39merror)[33m.[39m[34mtoBe[39m([32m'string'[39m)[33m;[39m
    [90m409| [39m            }

[31m[2mΓÄ»ΓÄ»ΓÄ»ΓÄ»ΓÄ»ΓÄ»ΓÄ»ΓÄ»ΓÄ»ΓÄ»ΓÄ»ΓÄ»ΓÄ»ΓÄ»ΓÄ»ΓÄ»ΓÄ»ΓÄ»ΓÄ»ΓÄ»ΓÄ»ΓÄ»[15
/22]ΓÄ»[22m[39m

[41m[1m FAIL [22m[49m tests/promptInvariants.test.ts[2m > [22mMermaid 
Diagram Prompts - Invariants[2m > [22mbuildMermaidDiagramPrompt[2m > 
[22mshould include task section
[31m[1mTypeError[22m: (0 , 
__vite_ssr_import_5__.buildMermaidDiagramPrompt) is not a function[39m
[36m [2mΓ¥»[22m tests/promptInvariants.test.ts:[2m436:28[22m[39m
    [90m434| [39m    
[34mdescribe[39m([32m'buildMermaidDiagramPrompt'[39m[33m,[39m () 
[33m=>[39m {
    [90m435| [39m        [34mit[39m([32m'should include task 
section'[39m[33m,[39m () [33m=>[39m {
    [90m436| [39m            [35mconst[39m prompt [33m=[39m 
[34mbuildMermaidDiagramPrompt[39m({
    [90m   | [39m                           [31m^[39m
    [90m437| [39m                diagramType[33m:[39m 
[32m'flowchart'[39m[33m,[39m
    [90m438| [39m                instruction[33m:[39m [32m'Show the 
process'[39m[33m,[39m

[31m[2mΓÄ»ΓÄ»ΓÄ»ΓÄ»ΓÄ»ΓÄ»ΓÄ»ΓÄ»ΓÄ»ΓÄ»ΓÄ»ΓÄ»ΓÄ»ΓÄ»ΓÄ»ΓÄ»ΓÄ»ΓÄ»ΓÄ»ΓÄ»ΓÄ»ΓÄ»[16
/22]ΓÄ»[22m[39m

[41m[1m FAIL [22m[49m tests/promptInvariants.test.ts[2m > [22mMermaid 
Diagram Prompts - Invariants[2m > [22mbuildMermaidDiagramPrompt[2m > 
[22mshould include diagram type guidance
[31m[1mTypeError[22m: (0 , 
__vite_ssr_import_5__.buildMermaidDiagramPrompt) is not a function[39m
[36m [2mΓ¥»[22m tests/promptInvariants.test.ts:[2m446:28[22m[39m
    [90m444| [39m
    [90m445| [39m        [34mit[39m([32m'should include diagram type 
guidance'[39m[33m,[39m () [33m=>[39m {
    [90m446| [39m            [35mconst[39m prompt [33m=[39m 
[34mbuildMermaidDiagramPrompt[39m({
    [90m   | [39m                           [31m^[39m
    [90m447| [39m                diagramType[33m:[39m 
[32m'flowchart'[39m[33m,[39m
    [90m448| [39m                instruction[33m:[39m [32m'Show the 
process'[39m[33m,[39m

[31m[2mΓÄ»ΓÄ»ΓÄ»ΓÄ»ΓÄ»ΓÄ»ΓÄ»ΓÄ»ΓÄ»ΓÄ»ΓÄ»ΓÄ»ΓÄ»ΓÄ»ΓÄ»ΓÄ»ΓÄ»ΓÄ»ΓÄ»ΓÄ»ΓÄ»ΓÄ»[17
/22]ΓÄ»[22m[39m

[41m[1m FAIL [22m[49m tests/promptInvariants.test.ts[2m > [22mMermaid 
Diagram Prompts - Invariants[2m > [22mbuildMermaidDiagramPrompt[2m > 
[22mshould include requirements section
[31m[1mTypeError[22m: (0 , 
__vite_ssr_import_5__.buildMermaidDiagramPrompt) is not a function[39m
[36m [2mΓ¥»[22m tests/promptInvariants.test.ts:[2m455:28[22m[39m
    [90m453| [39m
    [90m454| [39m        [34mit[39m([32m'should include requirements 
section'[39m[33m,[39m () [33m=>[39m {
    [90m455| [39m            [35mconst[39m prompt [33m=[39m 
[34mbuildMermaidDiagramPrompt[39m({
    [90m   | [39m                           [31m^[39m
    [90m456| [39m                diagramType[33m:[39m 
[32m'mindmap'[39m[33m,[39m
    [90m457| [39m                instruction[33m:[39m [32m'Create 
overview'[39m[33m,[39m

[31m[2mΓÄ»ΓÄ»ΓÄ»ΓÄ»ΓÄ»ΓÄ»ΓÄ»ΓÄ»ΓÄ»ΓÄ»ΓÄ»ΓÄ»ΓÄ»ΓÄ»ΓÄ»ΓÄ»ΓÄ»ΓÄ»ΓÄ»ΓÄ»ΓÄ»ΓÄ»[18
/22]ΓÄ»[22m[39m

[41m[1m FAIL [22m[49m tests/promptInvariants.test.ts[2m > [22mMermaid 
Diagram Prompts - Invariants[2m > [22mbuildMermaidDiagramPrompt[2m > 
[22mshould include note content
[31m[1mTypeError[22m: (0 , 
__vite_ssr_import_5__.buildMermaidDiagramPrompt) is not a function[39m
[36m [2mΓ¥»[22m tests/promptInvariants.test.ts:[2m465:28[22m[39m
    [90m463| [39m        [34mit[39m([32m'should include note 
content'[39m[33m,[39m () [33m=>[39m {
    [90m464| [39m            [35mconst[39m content [33m=[39m 
[32m'Important process details'[39m[33m;[39m
    [90m465| [39m            [35mconst[39m prompt [33m=[39m 
[34mbuildMermaidDiagramPrompt[39m({
    [90m   | [39m                           [31m^[39m
    [90m466| [39m                diagramType[33m:[39m 
[32m'flowchart'[39m[33m,[39m
    [90m467| [39m                instruction[33m:[39m [32m'Show 
process'[39m[33m,[39m

[31m[2mΓÄ»ΓÄ»ΓÄ»ΓÄ»ΓÄ»ΓÄ»ΓÄ»ΓÄ»ΓÄ»ΓÄ»ΓÄ»ΓÄ»ΓÄ»ΓÄ»ΓÄ»ΓÄ»ΓÄ»ΓÄ»ΓÄ»ΓÄ»ΓÄ»ΓÄ»[19
/22]ΓÄ»[22m[39m

[41m[1m FAIL [22m[49m tests/promptInvariants.test.ts[2m > [22mMermaid 
Diagram Prompts - Invariants[2m > [22mbuildMermaidDiagramPrompt[2m > 
[22mshould include custom instruction
[31m[1mTypeError[22m: (0 , 
__vite_ssr_import_5__.buildMermaidDiagramPrompt) is not a function[39m
[36m [2mΓ¥»[22m tests/promptInvariants.test.ts:[2m475:28[22m[39m
    [90m473| [39m        [34mit[39m([32m'should include custom 
instruction'[39m[33m,[39m () [33m=>[39m {
    [90m474| [39m            [35mconst[39m instruction [33m=[39m 
[32m'Highlight decision points'[39m[33m;[39m
    [90m475| [39m            [35mconst[39m prompt [33m=[39m 
[34mbuildMermaidDiagramPrompt[39m({
    [90m   | [39m                           [31m^[39m
    [90m476| [39m                diagramType[33m:[39m 
[32m'flowchart'[39m[33m,[39m
    [90m477| [39m                instruction[33m,[39m

[31m[2mΓÄ»ΓÄ»ΓÄ»ΓÄ»ΓÄ»ΓÄ»ΓÄ»ΓÄ»ΓÄ»ΓÄ»ΓÄ»ΓÄ»ΓÄ»ΓÄ»ΓÄ»ΓÄ»ΓÄ»ΓÄ»ΓÄ»ΓÄ»ΓÄ»ΓÄ»[20
/22]ΓÄ»[22m[39m

[41m[1m FAIL [22m[49m tests/promptInvariants.test.ts[2m > [22mMermaid 
Diagram Prompts - Invariants[2m > [22mbuildMermaidDiagramPrompt[2m > 
[22mshould have guidance for auto diagram type
[31m[1mTypeError[22m: Cannot read properties of undefined (reading 
'auto')[39m
[36m [2mΓ¥»[22m tests/promptInvariants.test.ts:[2m484:42[22m[39m
    [90m482| [39m
    [90m483| [39m        [34mit[39m([32m'should have guidance for auto 
diagram type'[39m[33m,[39m () [33m=>[39m {
    [90m484| [39m            [34mexpect[39m([33mDIAGRAM_TYPE_GUIDANCE[39
m[33m.[39mauto)[33m.[39m[34mtoBeDefined[39m()[33m;[39m
    [90m   | [39m                                         [31m^[39m

[2m Test Files [22m [1m[31m2 failed[39m[22m[2m | [22m[1m[32m20 passed[39m[22m[90m (22)[39m
[2m      Tests [22m [1m[31m22 failed[39m[22m[2m | [22m[1m[32m613 passed[39m[22m[90m (635)[39m
[2m   Start at [22m 12:02:53
[2m   Duration [22m 620ms[2m (transform 3.54s, setup 0ms, import 4.67s, tests 324ms, environment 3ms)[22m

    [90m485| [39m            [34mexpect[39m([33mDIAGRAM_TYPE_GUIDANCE[39
m[33m.[39mauto)[33m.[39m[34mtoContain[39m([32m'flowchart'[39m)[33m;[
39m
    [90m486| [39m            [34mexpect[39m([33mDIAGRAM_TYPE_GUIDANCE[39
m[33m.[39mauto)[33m.[39m[34mtoContain[39m([32m'mindmap'[39m)[33m;[39
m

[31m[2mΓÄ»ΓÄ»ΓÄ»ΓÄ»ΓÄ»ΓÄ»ΓÄ»ΓÄ»ΓÄ»ΓÄ»ΓÄ»ΓÄ»ΓÄ»ΓÄ»ΓÄ»ΓÄ»ΓÄ»ΓÄ»ΓÄ»ΓÄ»ΓÄ»ΓÄ»[21
/22]ΓÄ»[22m[39m

[41m[1m FAIL [22m[49m tests/promptInvariants.test.ts[2m > [22mMermaid 
Diagram Prompts - Invariants[2m > [22mbuildMermaidDiagramPrompt[2m > 
[22mshould have guidance for all diagram types
[31m[1mTypeError[22m: Cannot read properties of undefined (reading 
'auto')[39m
[36m [2mΓ¥»[22m tests/promptInvariants.test.ts:[2m496:24[22m[39m
    [90m494| [39m            
    [90m495| [39m            types[33m.[39m[34mforEach[39m(type 
[33m=>[39m {
    [90m496| [39m                [34mexpect[39m([33mDIAGRAM_TYPE_GUIDANCE
[39m[type])[33m.[39m[34mtoBeTruthy[39m()[33m;[39m
    [90m   | [39m                       [31m^[39m
    [90m497| [39m                expect(typeof 
DIAGRAM_TYPE_GUIDANCE[type]).toBe('strinΓÇª
    [90m498| [39m            })[33m;[39m
[90m [2mΓ¥»[22m tests/promptInvariants.test.ts:[2m495:19[22m[39m

[31m[2mΓÄ»ΓÄ»ΓÄ»ΓÄ»ΓÄ»ΓÄ»ΓÄ»ΓÄ»ΓÄ»ΓÄ»ΓÄ»ΓÄ»ΓÄ»ΓÄ»ΓÄ»ΓÄ»ΓÄ»ΓÄ»ΓÄ»ΓÄ»ΓÄ»ΓÄ»[22
/22]ΓÄ»[22m[39m

